// Jest Snapshot v1, https://goo.gl/fbAQLP

exports[`<home /> renders correctly 1`] = `<home />`;
